secret.obj                        ***************************************
	code          [040000 - 04015c]

syswork.obj                       ***************************************
	syswork       [01fd00 - 01fe9e]
	_counter_16                     01fd67	_password_buf                   01fe83	alarm_mark                      01fe75
	alarm_time                      01fe7e	alarm_ymd                       01fe76	appl_ptr0                       01fe36
	appl_ptr1                       01fe33	appl_ptr10                      01fe18	appl_ptr11                      01fe15
	appl_ptr12                      01fe12	appl_ptr13                      01fe0f	appl_ptr14                      01fe0c
	appl_ptr15                      01fe09	appl_ptr16                      01fe06	appl_ptr17                      01fe03
	appl_ptr18                      01fe00	appl_ptr19                      01fdfd	appl_ptr2                       01fe30
	appl_ptr20                      01fdfa	appl_ptr3                       01fe2d	appl_ptr4                       01fe2a
	appl_ptr5                       01fe27	appl_ptr6                       01fe24	appl_ptr7                       01fe21
	appl_ptr8                       01fe1e	appl_ptr9                       01fe1b	appli_code                      01fd18
	appli_key                       01fd1c	application_vector              01fd62	auto_power_off_time             01fdc3
	bp_btm                          01fd65	card_header_tbl                 01fd15	card_key_matrix_tbl_adr         01fdcd
	card_ram_bottom                 01fd0c	card_ram_checksum               01fd39	card_ram_top                    01fd09
	card_rom_checksum               01fd3c	card_rom_top                    01fd0f	ctrl_cg_top                     01fd7c
	ctrl_cg_top8                    01fd8b	current_drive                   01fd34	current_mode                    01fd35
	current_rel_adr                 01fd36	current_time_buf                01fd2c	current_ymd_buf                 01fd20
	cursor_extra_adr                01fe4a	cursor_size_x                   01fe47	cursor_size_y                   01fe48
	df_flowting_area_size           00047e	df_s_stack_size                 001000	df_u_stack_size                 001000
	dotsop                          01fd9a	editor_work_ptr                 01fd49	effective_for_ctrl_code         01fe42
	enter_ed_hook                   01fe8a	enter_x_hook                    01fe8e	flowting_area_top               01fdf7
	flowting_ptr_num                000018	fp_tbl_ptr                      01fd4b	graphic_mode                    01fd9a
	insert_mark1_ptr                01fd70	insert_mark1_ptr8               01fd73	insert_mark2_ptr                01fd76
	insert_mark2_ptr8               01fd79	insert_mark_ptr                 01fd6a	insert_mark_ptr8                01fd6d
	iocs_header_adr                 01fda8	irq0_vect                       01fdd3	irq1_vect                       01fdd6
	irq2_vect                       01fdd9	irq3_vect                       01fddc	irq4_vect                       01fddf
	irq5_vect                       01fde2	irq6_vect                       01fde5	k_scan_mode                     01fdc6
	key_23_1st_tbl_adr              01fd51	key_23_2nd_tbl_adr              01fd54	key_irq_flag                    01fdbf
	key_irq_flag2                   01fdc5	key_look_hook                   01fdca	key_matrix_tbl                  01fdc7
	keymatrix_mask                  01fdab	last_appli_code                 01fd1a	last_appli_key                  01fd1e
	last_key                        01fdbe	lcd_cg_mode                     01fda2	lcd_cg_type                     01fe4d
	lcd_contrast                    01fda7	lcd_crsr_x                      01fd9b	lcd_crsr_y                      01fd9c
	lcd_extra_crx                   01fe43	lcd_extra_cry                   01fe45	lcd_extra_mode                  01fe49
	lcd_height                      01fd9e	lcd_height8                     01fda0	lcd_mode                        01fda1
	lcd_symbol0                     01fda3	lcd_symbol1                     01fda4	lcd_symbol2                     01fda5
	lcd_symbol3                     01fda6	lcd_width                       01fd9d	lcd_width8                      01fd9f
	linptn                          01fd47	lower_cg_top                    01fd7f	lower_cg_top8                   01fd8e
	machine_auto_slot               01fd5d	machine_lang_top                01fe3f	main_header_tbl                 01fd12
	main_ram_bottom                 01fd03	main_ram_top                    01fd00	main_rom_top                    01fd06
	main_s_stack_btm                01fe9b	main_s_stack_top                01fe98	main_u_backup                   01fd3f
	main_u_stack_btm                01fe95	main_u_stack_top                01fe92	mb_flag                         01fe9e
	menu_ctrl                       01fd66	off_u_stack                     01fd5e	onkey_matrix_mask               01fdbb
	pnet_type                       01fe53	power_mode                      01fd61	prt_effective_for_ctrl_code     01fe52
	prt_mode                        01fe50	prt_spacing                     01fe51	prt_width                       01fe4e
	prt_width8                      01fe4f	real_key                        01fdbc	repeat_ctr                      01fdc0
	repeat_key                      01fd4a	repeat_pitch                    01fdc2	repeat_wait                     01fdc1
	s_stack_btm                     01fdf4	s_stack_top                     01fdf1	set_keybuf_hook                 01fdd0
	sio_baud_rate                   01fe5f	sio_buf_status                  01fe54	sio_close_send_data             01fe70
	sio_crlf                        01fe67	sio_delimit_code                01fe71	sio_eof_code                    01fe68
	sio_error                       01fe69	sio_flag                        01fe6a	sio_flag_receive                01fe6b
	sio_kanjin_buf                  01fe55	sio_kanjout_buf                 01fe58	sio_open_close_wait             01fe6c
	sio_open_port_control           01fe6d	sio_open_send_data              01fe6f	sio_receive_port_condition      01fe61
	sio_receive_port_control        01fe62	sio_receive_wait                01fe66	sio_send_delay                  01fe65
	sio_send_nbyte_wait             01fe6e	sio_send_port_condition         01fe63	sio_send_port_control           01fe64
	sio_setup                       01fe60	sio_timer                       01fe5b	sio_timer_master                01fe5d
	soft_irq_vect                   01fde8	sub_u_backup                    01fd43	symbol_data_tbl_adr             01fd5a
	system_calendar_mode            01fe73	system_country_mode             01fe74	system_secret_mode              01fe82
	system_time_mode                01fe72	syswork2_top                    01fe3c	syswork3_top                    01fe39
	syswork_top                     01fd00	temp_s_stack_btm                01fd9a	temp_syswork1_end               01fdeb
	temp_syswork1_size              000092	temp_syswork2_top               01fdeb	temp_syswork_top                01fd59
	temp_u_stack_btm                01fd77	type2_table_top_adr             01fd4e	u_stack_btm                     01fdee
	u_stack_top                     01fdeb	ui                              0000e0	umlaut_convert_hook             01fd57
	upper_cg0_top                   01fd82	upper_cg0_top8                  01fd91	upper_cg1_top                   01fd85
	upper_cg1_top8                  01fd94	upper_cg2_top                   01fd88	upper_cg2_top8                  01fd97

