   1 00000                              ;******************************************************************
   2 00000                              ;***                                                            ***
   3 00000                              ;***    Secret remove Utiltiy                                   ***
   4 00000                              ;***                                                            ***
   5 00000                              ;******************************************************************
   6 00000                              
   7 00000                              	include "sysin.equ"
   1 00000                              ;;***********************************************************
   2 00000                              ;esr-L                          IOCS-include
   3 00000                              ;	IQ/OZ-7000
   4 00000                              ;sysin
   5 00000                              ;		Copyright SHARP CORPORATION
   6 00000                              ;			Personal Equipment Division
   7 00000                              ;			Engineering Department 3
   8 00000                              ;				Shiraishi.N
   9 00000                              ;
  10 00000                              ;       in ram definition file
  11 00000                              ;
  12 00000                              ;ver. 0         1987.4.17
  13 00000                              ;ver. 1         1987.7.28
  14 00000                              ;       additional definition
  15 00000                              ;        IMR, exm_bit, mtm_bit  9/4/'87 by y.takano
  16 00000                              ;ver. 2         1987.10.8
  17 00000                              ;       interrupt mask bit def.         shiraishi       
  18 00000                              ;ver. 3         1987.10.23
  19 00000                              ;       i/o port bit def.               shiraishi
  20 00000                              ;ver. 4         1987.11.12
  21 00000                              ;       nat_ver,on_enable add.          shiraishi
  22 00000                              ;ver. 5         1988.5.30
  23 00000                              ;       bz0,bz1,bz2                     tanaka
  24 00000                              ;VER. 6		1988.12.26
  25 00000                              ;	add lx,ly definition		by K.Okuda
  26 00000                              ;ver. 7		1989.6.6
  27 00000                              ;	delete lx, ly definition	by K.Okuda
  28 00000                              ;		lx, ly should be defined in header file
  29 00000                              ;
  30 00000                              ;;************************************************************
  31 00000                              
  32 00000                              iocs_entry_f		equ	0fffe8h
  33 00000                              application_entry_f	equ	0fffdch
  34 00000                              ;
  35 00000                              ;
  36 00000                              ;-------------------------------------------------------------
  37 00000                              ;virtual registers
  38 00000                              ;-------------------------------------------------------------
  39 00000                              ;------ 16 bits register pair
  40 00000                              bx      equ     0d4h            ;16bit register
  41 00000                              cx      equ     0d6h            ;16bit register
  42 00000                              dx      equ     0d8h            ;16bit register
  43 00000                              
  44 00000                              ;------ 8 bits register
  45 00000                              bl      equ     0d4h            ;8bit register
  46 00000                              bh      equ     0d5h            ;8bit register
  47 00000                              
  48 00000                              cl      equ     0d6h            ;8bit register
  49 00000                              ch      equ     0d7h            ;8bit register
  50 00000                              
  51 00000                              dl      equ     0d8h            ;8bit register
  52 00000                              dh      equ     0d9h            ;8bit register
  53 00000                              
  54 00000                              ;------ 24 bits register
  55 00000                              si      equ     0dah            ;20bit pointer register
  56 00000                              di      equ     0ddh            ;20bit pointer register
  57 00000                              UI      equ     0e0h            ;20bit frame pointer register for C compiler
  58 00000                              
  59 00000                              ;-------------------------------------------------------------
  60 00000                              ;system works
  61 00000                              ;-------------------------------------------------------------
  62 00000                              syswork2        equ     0e6h
  63 00000                              work_ptr        equ     0e9h    ;aplication work area top
  64 00000                              
  65 00000                              sys_flag        equ     0eah    ;system flag
  66 00000                              
  67 00000                              on_enable       equ     00001000b       ;bit 3: on/brk key enable
  68 00000                              nat_ver         equ     00000100b       ;bit 2: 1= KAIGAI/ 0= KOKUNAI
  69 00000                              
  70 00000                              ;------ 
  71 00000                              iisr            equ     0ebh
  72 00000                              
  73 00000                              ;-------------------------------------------------------------
  74 00000                              ;cpu i/o port
  75 00000                              ;-------------------------------------------------------------
  76 00000                              amc     equ     0efh
  77 00000                              
  78 00000                              ame     equ     10000000b
  79 00000                              
  80 00000                              ;------ 
  81 00000                              kol     equ     0f0h            ;output port for key strobe
  82 00000                              koh     equ     0f1h
  83 00000                              ki      equ     0f2h            ;key in port
  84 00000                              ;------ 
  85 00000                              eol     equ     0f3h            ;i/o port (output)
  86 00000                              eoh     equ     0f4h            ;i/o port (output)
  87 00000                              eil     equ     0f5h
  88 00000                              eih     equ     0f6h
  89 00000                              ;------ 
  90 00000                              ucr     equ     0f7h
  91 00000                              
  92 00000                              boe     equ     10000000b
  93 00000                              dl_bit  equ     00000010b
  94 00000                              st_bit  equ     00000001b
  95 00000                              
  96 00000                              ;------ 
  97 00000                              usr     equ     0f8h
  98 00000                              
  99 00000                              rxr_bit equ     00100000b
 100 00000                              txe_bit equ     00010000b
 101 00000                              txr_bit equ     00001000b
 102 00000                              fe_bit  equ     00000100b
 103 00000                              oe_bit  equ     00000010b
 104 00000                              pe_bit  equ     00000001b
 105 00000                              
 106 00000                              ;------ 
 107 00000                              rxd     equ     0f9h
 108 00000                              txd     equ     0fah
 109 00000                              
 110 00000                              ;------ 
 111 00000                              IMR     equ     0fbh            ; imr must be accessed by this symbol
 112 00000                              
 113 00000                              masteri equ     080h            ;interrupt mask master
 114 00000                              exi     equ     040h            ;external interrupt
 115 00000                              rxri    equ     020h            ;sio recive interrupt
 116 00000                              txri    equ     010h            ;sio send ready interrupt
 117 00000                              onki    equ     008h            ;ON key interrupt
 118 00000                              keyi    equ     004h            ;key in port interrupt
 119 00000                              sti     equ     002h            ;sec order timer interrupt
 120 00000                              mti     equ     001h            ;m sec order timer interrupt
 121 00000                              softi   equ     080h            ;software interrupt bit
 122 00000                              
 123 00000                              exm_bit         equ     040h    ; external interrupt mask.
 124 00000                              mtm_bit         equ     001h    ; msec timer interrupt mask.
 125 00000                              
 126 00000                              ;------ 
 127 00000                              isr     equ     0fch
 128 00000                              ;------ 
 129 00000                              scr     equ     0fdh
 130 00000                              
 131 00000                              ise     equ     10000000b
 132 00000                              bz2     equ     01000000b
 133 00000                              bz1     equ     00100000b
 134 00000                              bz0     equ     00010000b
 135 00000                              vddc    equ     00001000b
 136 00000                              sts     equ     00000100b
 137 00000                              mts     equ     00000010b
 138 00000                              disc    equ     00000001b
 139 00000                              
 140 00000                              ;------ 
 141 00000                              lcc     equ     0feh
 142 00000                              
 143 00000                              ksd     equ     00000100b
 144 00000                              stcl    equ     00000010b
 145 00000                              mtcl    equ     00000001b
 146 00000                              
 147 00000                              ;------ 
 148 00000                              ssr     equ     0ffh
 149 00000                              
 150 00000                              onk_bit equ     00001000b
 151 00000                              rsf     equ     00000100b
 152 00000                              ci_bit  equ     00000010b
 153 00000                              test_bit        equ     00000001b
 154 00000                              
 155 00000                              ;
   8 00000                              	include "code.equ"
   1 00000                              ;;***********************************************************
   2 00000                              ; esr-L                                 S-ZE
   3 00000                              ;	IQ/OZ-7000
   4 00000                              ; code.equ
   5 00000                              ;		Copyright SHARP CORPORATION
   6 00000                              ;			Personal Equipment Division
   7 00000                              ;			Engineering Department 3
   8 00000                              ;                                       wada
   9 00000                              ;
  10 00000                              ;       S-ZE character code definition.
  11 00000                              ;
  12 00000                              ; ver 0.1       1988/04/13
  13 00000                              ; ver 1.0       1988/04/14
  14 00000                              ; ver 2.0       1988/04/29
  15 00000                              ;                       upper case.
  16 00000                              ; ver 2.1       1988/05/02
  17 00000                              ;                       summer_mark add.
  18 00000                              ; ver 2.2       1988/05/26
  19 00000                              ;                       shift+CCE,BS,INS,DEL cut.
  20 00000                              ; ver 2.3       1988/06/10      BONUS !!
  21 00000                              ;                       KC3_2_ALARM_OCCUERRED add.
  22 00000                              ; ver 2.4       1988/06/14
  23 00000                              ;                       KC3_2_PROC_DISP_CURSOR add.
  24 00000                              ; ver 2.5       1988/06/15
  25 00000                              ;                       KC3_2_ALARM_OCCURRED debug?
  26 00000                              ; ver 2.6       1988/06/21
  27 00000                              ;                       SIO_CODE definition.
  28 00000                              ; ver 2.7       1988/06/22
  29 00000                              ;                       CC_HIGH_NOON add.
  30 00000                              ; ver 2.8       1988/06/28
  31 00000                              ;                       KC3_2_UNDEFINITION add.
  32 00000                              ; ver 2.9       1988/07/11
  33 00000                              ;                       CC_CAR,TELEPHONE,UMLAUT_E add.
  34 00000                              ;
  35 00000                              ;============================================================
  36 00000                              CC_TERMINATER           equ     00h
  37 00000                              CC_DAILY_11             equ     01h
  38 00000                              CC_WORLDTIME_LEFT       equ     02h
  39 00000                              CC_DAILY_13             equ     02h
  40 00000                              CC_WORLDTIME_RIGHT      equ     03h
  41 00000                              CC_DAILY_15             equ     03h
  42 00000                              CC_LOCALTIME_LEFT       equ     04h
  43 00000                              CC_DAILY_17             equ     04h
  44 00000                              CC_LOCALTIME_RIGHT      equ     05h
  45 00000                              CC_DAILY_19             equ     05h
  46 00000                              CC_DAILY_21             equ     06h
  47 00000                              CC_CALC_DATA            equ     07h
  48 00000                              CC_DAILY_23             equ     08h
  49 00000                              CC_ENTER_MARK           equ     09h
  50 00000                              CC_SUMMERTIME_LEFT      equ     0ah
  51 00000                              CC_DAILY_END            equ     0ah
  52 00000                              CC_SUMMERTIME_RIGHT     equ     0bh
  53 00000                              CC_DAILY_START          equ     0bh
  54 00000                              CC_DAILY_LEFT           equ     0ch
  55 00000                              CC_TRIANGLE_UP          equ     0ch             ;8*16 phont
  56 00000                              CC_DAILY_RIGHT          equ     0dh
  57 00000                              CC_TRIANGLE_DOWN        equ     0dh             ;8*16 phont
  58 00000                              CC_DAILY_DURING         equ     0eh
  59 00000                              CC_DAILY_HIGH_NOON      equ     0fh
  60 00000                              CC_46_0                 equ     10h
  61 00000                              CC_46_1                 equ     11h
  62 00000                              CC_46_2                 equ     12h
  63 00000                              CC_46_3                 equ     13h
  64 00000                              CC_46_4                 equ     14h
  65 00000                              CC_46_5                 equ     15h
  66 00000                              CC_46_6                 equ     16h
  67 00000                              CC_46_7                 equ     17h
  68 00000                              CC_46_8                 equ     18h
  69 00000                              CC_46_9                 equ     19h
  70 00000                              CC_46_BRACKET_LEFT      equ     1ah
  71 00000                              CC_46_BRACKET_RIGHT     equ     1bh
  72 00000                              CC_46_SLASH             equ     1ch
  73 00000                              CC_3_POINT              equ     1dh
  74 00000                              CC_SUMMER_MARK          equ     1eh     ;named by Matsuo,not by Akina.
  75 00000                              CC_REV_C                equ     1fh
  76 00000                              CC_SPACE                equ     20h
  77 00000                              CC_EXCLAMATION          equ     21h
  78 00000                              CC_W_QUOTATION          equ     22h
  79 00000                              CC_CROSSHATCH           equ     23h
  80 00000                              CC_DOLLAR               equ     24h
  81 00000                              CC_PERCENT              equ     25h
  82 00000                              CC_AND                  equ     26h
  83 00000                              CC_APOSTROPHE           equ     27h
  84 00000                              CC_PARENTHESIS_LEFT     equ     28h
  85 00000                              CC_PARENTHESIS_RIGHT    equ     29h
  86 00000                              CC_ASTERISK             equ     2ah
  87 00000                              CC_PLUS                 equ     2bh
  88 00000                              CC_COMMA                equ     2ch
  89 00000                              CC_MINUS                equ     2dh
  90 00000                              CC_PERIOD               equ     2eh
  91 00000                              CC_SLASH                equ     2fh
  92 00000                              CC_0                    equ     30h
  93 00000                              CC_1                    equ     31h
  94 00000                              CC_2                    equ     32h
  95 00000                              CC_3                    equ     33h
  96 00000                              CC_4                    equ     34h
  97 00000                              CC_5                    equ     35h
  98 00000                              CC_6                    equ     36h
  99 00000                              CC_7                    equ     37h
 100 00000                              CC_8                    equ     38h
 101 00000                              CC_9                    equ     39h
 102 00000                              CC_COLON                equ     3ah
 103 00000                              CC_SEMICOLON            equ     3bh
 104 00000                              CC_LESS_THAN            equ     3ch
 105 00000                              CC_EQUAL                equ     3dh
 106 00000                              CC_GREATER_THAN         equ     3eh
 107 00000                              CC_QUESTION             equ     3fh
 108 00000                              CC_AT                   equ     40h
 109 00000                              CC_A                    equ     41h
 110 00000                              CC_B                    equ     42h
 111 00000                              CC_C                    equ     43h
 112 00000                              CC_D                    equ     44h
 113 00000                              CC_E                    equ     45h
 114 00000                              CC_F                    equ     46h
 115 00000                              CC_G                    equ     47h
 116 00000                              CC_H                    equ     48h
 117 00000                              CC_I                    equ     49h
 118 00000                              CC_J                    equ     4ah
 119 00000                              CC_K                    equ     4bh
 120 00000                              CC_L                    equ     4ch
 121 00000                              CC_M                    equ     4dh
 122 00000                              CC_N                    equ     4eh
 123 00000                              CC_O                    equ     4fh
 124 00000                              CC_P                    equ     50h
 125 00000                              CC_Q                    equ     51h
 126 00000                              CC_R                    equ     52h
 127 00000                              CC_S                    equ     53h
 128 00000                              CC_T                    equ     54h
 129 00000                              CC_U                    equ     55h
 130 00000                              CC_V                    equ     56h
 131 00000                              CC_W                    equ     57h
 132 00000                              CC_X                    equ     58h
 133 00000                              CC_Y                    equ     59h
 134 00000                              CC_Z                    equ     5ah
 135 00000                              CC_BRACKET_LEFT         equ     5bh
 136 00000                              CC_BACK_SLASH           equ     5ch
 137 00000                              CC_BRACKET_RIGHT        equ     5dh
 138 00000                              CC_HAT                  equ     5eh
 139 00000                              CC_UNDERBAR             equ     5fh
 140 00000                              CC_S_QUOTATION          equ     60h
 141 00000                              CC_SMALL_A              equ     61h
 142 00000                              CC_SMALL_B              equ     62h
 143 00000                              CC_SMALL_C              equ     63h
 144 00000                              CC_SMALL_D              equ     64h
 145 00000                              CC_SMALL_E              equ     65h
 146 00000                              CC_SMALL_F              equ     66h
 147 00000                              CC_SMALL_G              equ     67h
 148 00000                              CC_SMALL_H              equ     68h
 149 00000                              CC_SMALL_I              equ     69h
 150 00000                              CC_SMALL_J              equ     6ah
 151 00000                              CC_SMALL_K              equ     6bh
 152 00000                              CC_SMALL_L              equ     6ch
 153 00000                              CC_SMALL_M              equ     6dh
 154 00000                              CC_SMALL_N              equ     6eh
 155 00000                              CC_SMALL_O              equ     6fh
 156 00000                              CC_SMALL_P              equ     70h
 157 00000                              CC_SMALL_Q              equ     71h
 158 00000                              CC_SMALL_R              equ     72h
 159 00000                              CC_SMALL_S              equ     73h
 160 00000                              CC_SMALL_T              equ     74h
 161 00000                              CC_SMALL_U              equ     75h
 162 00000                              CC_SMALL_V              equ     76h
 163 00000                              CC_SMALL_W              equ     77h
 164 00000                              CC_SMALL_X              equ     78h
 165 00000                              CC_SMALL_Y              equ     79h
 166 00000                              CC_SMALL_Z              equ     7ah
 167 00000                              CC_BRACE_LEFT           equ     7bh
 168 00000                              CC_OR                   equ     7ch
 169 00000                              CC_BRACE_RIGHT          equ     7dh
 170 00000                              CC_WAVE                 equ     7eh
 171 00000                              CC_TRIANGLE             equ     7fh
 172 00000                              CC_CEDILLA_C            equ     80h
 173 00000                              CC_UMLAUT_SMALL_U       equ     81h
 174 00000                              CC_ACUTE_SMALL_E        equ     82h
 175 00000                              CC_CIRCUMFLEX_SMALL_A   equ     83h
 176 00000                              CC_UMLAUT_SMALL_A       equ     84h
 177 00000                              CC_GRAVE_SMALL_A        equ     85h
 178 00000                              CC_DEGREE_SMALL_A       equ     86h
 179 00000                              CC_CEDILLA_SMALL_C      equ     87h
 180 00000                              CC_CIRCUMFLEX_SMALL_E   equ     88h
 181 00000                              CC_UMLAUT_SMALL_E       equ     89h
 182 00000                              CC_GRAVE_SMALL_E        equ     8ah
 183 00000                              CC_UMLAUT_SMALL_I       equ     8bh
 184 00000                              CC_CIRCUMFLEX_SMALL_I   equ     8ch
 185 00000                              CC_GRAVE_SMALL_I        equ     8dh
 186 00000                              CC_UMLAUT_A             equ     8eh
 187 00000                              CC_DEGREE_A             equ     8fh
 188 00000                              CC_ACUTE_E              equ     90h
 189 00000                              CC_SMALL_AE             equ     91h
 190 00000                              CC_AE                   equ     92h
 191 00000                              CC_CIRCUMFLEX_SMALL_O   equ     93h
 192 00000                              CC_UMLAUT_SMALL_O       equ     94h
 193 00000                              CC_GRAVE_SMALL_O        equ     95h
 194 00000                              CC_CIRCUMFLEX_SMALL_U   equ     96h
 195 00000                              CC_GRAVE_SMALL_U        equ     97h
 196 00000                              CC_UMLAUT_SMALL_Y       equ     98h
 197 00000                              CC_UMLAUT_O             equ     99h
 198 00000                              CC_UMLAUT_U             equ     9ah
 199 00000                              CC_CENT                 equ     9bh
 200 00000                              CC_POUND                equ     9ch
 201 00000                              CC_YEN                  equ     9dh
 202 00000                              CC_PESETA               equ     9eh
 203 00000                              CC_FORTE                equ     9fh
 204 00000                              CC_ACUTE_SMALL_A        equ     0a0h
 205 00000                              CC_ACUTE_SMALL_I        equ     0a1h
 206 00000                              CC_ACUTE_SMALL_O        equ     0a2h
 207 00000                              CC_ACUTE_SMALL_U        equ     0a3h
 208 00000                              CC_TILDE_SMALL_N        equ     0a4h
 209 00000                              CC_TILDE_N              equ     0a5h
 210 00000                              CC_UNDERLINE_SMALL_A    equ     0a6h
 211 00000                              CC_UNDERLINE_SMALL_O    equ     0a7h
 212 00000                              CC_REV_QUESTION         equ     0a8h
 213 00000                              CC_TILDE_SMALL_A        equ     0a9h
 214 00000                              CC_TILDE_A              equ     0aah
 215 00000                              CC_HALF                 equ     0abh
 216 00000                              CC_QUARTER              equ     0ach
 217 00000                              CC_REV_EXCLAMATION      equ     0adh
 218 00000                              CC_MORE_LESS            equ     0aeh
 219 00000                              CC_MORE_GREATER         equ     0afh
 220 00000                              CC_GRAVE_A              equ     0b0h
 221 00000                              CC_GRAVE_E              equ     0b1h
 222 00000                              CC_GRAVE_O              equ     0b2h
 223 00000                              CC_ACUTE_A              equ     0b3h
 224 00000                              CC_ACUTE_I              equ     0b4h
 225 00000                              CC_ACUTE_U              equ     0b5h
 226 00000                              CC_ACUTE_O              equ     0b6h
 227 00000                              CC_CIRCUMFLEX_A         equ     0b7h
 228 00000                              CC_CIRCUMFLEX_E         equ     0b8h
 229 00000                              CC_CIRCUMFLEX_O         equ     0b9h
 230 00000                              CC_TILDE_SMALL_O        equ     0bah
 231 00000                              CC_TILDE_O              equ     0bbh
 232 00000                              CC_CAR                  equ     0bch
 233 00000                              CC_TELEPHONE            equ     0bdh
 234 00000                              CC_UMLAUT_E             equ     0bfh    
 235 00000                              CC_AM                   equ     0c0h
 236 00000                              CC_PM                   equ     0c1h
 237 00000                              CC_BELL                 equ     0c2h
 238 00000                              CC_TEL                  equ     0c3h
 239 00000                              CC_WINE                 equ     0c4h
 240 00000                              CC_CHECK                equ     0c5h
 241 00000                              CC_AIRPLANE             equ     0c6h
 242 00000                              CC_MAN                  equ     0c7h
 243 00000                              CC_UMLAUT               equ     0c9h
 244 00000                              CC_CIRCUMFLEX           equ     0cah
 245 00000                              CC_GRAVE                equ     0cbh
 246 00000                              CC_ACUTE                equ     0cch
 247 00000                              CC_TILDE                equ     0cdh
 248 00000                              CC_DEGREE               equ     0ceh
 249 00000                              CC_UNDERLINE            equ     0cfh
 250 00000                              CC_REV_0                equ     0d0h
 251 00000                              CC_REV_1                equ     0d1h
 252 00000                              CC_REV_2                equ     0d2h
 253 00000                              CC_REV_3                equ     0d3h
 254 00000                              CC_REV_4                equ     0d4h
 255 00000                              CC_REV_5                equ     0d5h
 256 00000                              CC_REV_6                equ     0d6h
 257 00000                              CC_REV_7                equ     0d7h
 258 00000                              CC_REV_8                equ     0d8h
 259 00000                              CC_REV_9                equ     0d9h
 260 00000                              CC_MULTI                equ     0dah
 261 00000                              CC_SECTION_MARK         equ     0dbh
 262 00000                              CC_W_EXCLAMATION        equ     0dch
 263 00000                              CC_ARROW_RIGHT          equ     0ddh
 264 00000                              CC_ARROW_LEFT           equ     0deh
 265 00000                              CC_DIAMOND              equ     0dfh
 266 00000                              CC_SMALL_ALPHA          equ     0e0h
 267 00000                              CC_SMALL_BETA           equ     0e1h
 268 00000                              CC_GAMMA                equ     0e2h
 269 00000                              CC_SMALL_PI             equ     0e3h
 270 00000                              CC_SIGMA                equ     0e4h
 271 00000                              CC_SMALL_SIGMA          equ     0e5h
 272 00000                              CC_SMALL_MU             equ     0e6h
 273 00000                              CC_SMALL_TAU            equ     0e7h
 274 00000                              CC_PHI                  equ     0e8h
 275 00000                              CC_SMALL_THETA          equ     0e9h
 276 00000                              CC_OMEGA                equ     0eah
 277 00000                              CC_SMALL_DELTA          equ     0ebh
 278 00000                              CC_INFINITE             equ     0ech
 279 00000                              CC_ZERO                 equ     0edh
 280 00000                              CC_BELONG_TO            equ     0eeh
 281 00000                              CC_CAP_MARK             equ     0efh
 282 00000                              CC_CONGRUENCE           equ     0f0h    ;GOUDOU KIGOU
 283 00000                              CC_PLUS_MINUS           equ     0f1h
 284 00000                              CC_GREATER_THAN_EQUAL   equ     0f2h
 285 00000                              CC_LESS_THAN_EQUAL      equ     0f3h
 286 00000                              CC_INTEGRAL_UPPER       equ     0f4h
 287 00000                              CC_INTEGRAL_LOWER       equ     0f5h
 288 00000                              CC_DIVISION             equ     0f6h
 289 00000                              CC_W_WAVE               equ     0f7h
 290 00000                              CC_DEGREE_MARK          equ     0f8h
 291 00000                              CC_BLACK_DEGREE         equ     0f9h
 292 00000                              CC_MIDDLE_POINT         equ     0fah
 293 00000                              CC_ROOT                 equ     0fbh
 294 00000                              CC_N_POWER              equ     0fch
 295 00000                              CC_SQUARE               equ     0fdh
 296 00000                              CC_BLACK_BOX            equ     0feh
 297 00000                              
 298 00000                              ;
 299 00000                              ;       S-ZE inner code definition.
 300 00000                              ;
 301 00000                              ;               ver 1.0  1988/04/14 by Akina.
 302 00000                              ;               ver 2.0  1988/04/29 (upper case)
 303 00000                              ;
 304 00000                              IC_TERMINATER   equ     00h
 305 00000                              IC_CALC_DATA    equ     07h
 306 00000                              IC_ENTER_MARK   equ     09h
 307 00000                              ;
 308 00000                              ;       from 20h to 0feh is same to 'CC_**' code.
 309 00000                              ;
 310 00000                              
 311 00000                              ;
 312 00000                              ;       S-ZE key code type definition.
 313 00000                              ;
 314 00000                              ;               ver 1.0  1988/04/14 by Akina.
 315 00000                              ;               ver 2.0  1988/04/29 (upper case)
 316 00000                              ;               ver 2.1  1988/04/30 (add KC3_2_PROC_CHECK)
 317 00000                              ;
 318 00000                              ;;;;;   1st byte key code as 'KC3_'
 319 00000                              ;
 320 00000                              KC3_EXP                 equ     00h
 321 00000                              KC3_ON                  equ     03h
 322 00000                              KC3_BS                  equ     08h
 323 00000                              KC3_ENTER_MARK          equ     09h
 324 00000                              KC3_CCE                 equ     0ch
 325 00000                              KC3_ENTER               equ     0dh
 326 00000                              KC3_INS                 equ     12h
 327 00000                              KC3_CURSOR_RIGHT        equ     1ch
 328 00000                              KC3_CURSOR_LEFT         equ     1dh
 329 00000                              KC3_CURSOR_UP           equ     1eh
 330 00000                              KC3_CURSOR_DOWN         equ     1fh
 331 00000                              KC3_DEL                 equ     7fh
 332 00000                              ;
 333 00000                              ;       from 20h to 7eh and 
 334 00000                              ;            80h to 0fehH is same to 'CC_**' code.
 335 00000                              
 336 00000                              ;
 337 00000                              ;;;;;   2nd byte key code as 'KC3_2'
 338 00000                              ;
 339 00000                              KC3_2_PROC_IN           equ     10h     ;for editor use
 340 00000                              KC3_2_PROC_OUT          equ     11h     ;for editor use
 341 00000                              KC3_2_PROC_DISP         equ     12h     ;for editor use
 342 00000                              KC3_2_PROC_DISP_TOP     equ     13h     ;for editor use
 343 00000                              KC3_2_PROC_CHECK        equ     14h     ;for editor use
 344 00000                              KC3_2_PROC_DISP_CURSOR  equ     15h     ;for editor use
 345 00000                              KC3_2_APPLI_END_CCE     equ     1eh     ;return gosub type appli and
 346 00000                              ;                                        main appli out in exec.
 347 00000                              KC3_2_APPLI_END         equ     1fh     ;return gosub type appli and
 348 00000                              ;                                        main appli exec.
 349 00000                              KC3_2_OFF               equ     20h
 350 00000                              KC3_2_AUTOPOWER_OFF     equ     21h
 351 00000                              KC3_2_ALARM             equ     22h
 352 00000                              KC3_2_FUNCTION          equ     23h
 353 00000                              KC3_2_OPTION            equ     24h
 354 00000                              KC3_2_USER_DIC          equ     25h
 355 00000                              KC3_2_SYMBOL            equ     26h
 356 00000                              KC3_2_48_LINES          equ     27h
 357 00000                              KC3_2_ANN               equ     28h
 358 00000                              KC3_2_ALARM_OCCURRED    equ     29h
 359 00000                              KC3_2_CALC_DATA         equ     2ch
 360 00000                              KC3_2_RCM               equ     2dh
 361 00000                              KC3_2_M_MINUS           equ     2eh
 362 00000                              KC3_2_M_PLUS            equ     2fh
 363 00000                              KC3_2_CALENDAR          equ     3bh
 364 00000                              KC3_2_SCHEDULE          equ     3ch
 365 00000                              KC3_2_TEL               equ     3dh
 366 00000                              KC3_2_MEMO              equ     3eh
 367 00000                              KC3_2_CALC              equ     3fh
 368 00000                              KC3_2_CARD              equ     40h
 369 00000                              KC3_2_WORLDTIME         equ     41h
 370 00000                              KC3_2_LOCALTIME         equ     42h
 371 00000                              KC3_2_KEY_CLICK         equ     46h
 372 00000                              KC3_2_ALARM_SWITCH      equ     47h
 373 00000                              KC3_2_MARK              equ     48h
 374 00000                              KC3_2_SECRET            equ     49h
 375 00000                              KC3_2_EDIT              equ     4dh
 376 00000                              KC3_2_SHIFT_ENTER       equ     4fh
 377 00000                              KC3_2_SHIFT_CALENDAR    equ     54h
 378 00000                              KC3_2_SHIFT_SCHEDULE    equ     55h
 379 00000                              KC3_2_SHIFT_TEL         equ     56h
 380 00000                              KC3_2_SHIFT_MEMO        equ     57h
 381 00000                              KC3_2_SHIFT_CALC        equ     58h
 382 00000                              KC3_2_SHIFT_CARD        equ     59h
 383 00000                              KC3_2_SHIFT_WORLDTIME   equ     5ah
 384 00000                              KC3_2_SHIFT_LOCALTIME   equ     5bh
 385 00000                              KC3_2_SEARCH_UP         equ     66h
 386 00000                              KC3_2_SEARCH_DOWN       equ     67h
 387 00000                              KC3_2_SHIFT_SEARCH_UP   equ     70h
 388 00000                              KC3_2_SHIFT_SEARCH_DOWN equ     71h
 389 00000                              KC3_2_T0                equ     80h
 390 00000                              KC3_2_T1                equ     81h
 391 00000                              KC3_2_T2                equ     82h
 392 00000                              KC3_2_T3                equ     83h
 393 00000                              KC3_2_T4                equ     84h
 394 00000                              KC3_2_T5                equ     85h
 395 00000                              KC3_2_T6                equ     86h
 396 00000                              KC3_2_T7                equ     87h
 397 00000                              KC3_2_T8                equ     88h
 398 00000                              KC3_2_T9                equ     89h
 399 00000                              KC3_2_T10               equ     8ah
 400 00000                              KC3_2_T11               equ     8bh
 401 00000                              KC3_2_T12               equ     8ch
 402 00000                              KC3_2_T13               equ     8dh
 403 00000                              KC3_2_T14               equ     8eh
 404 00000                              KC3_2_T15               equ     8fh
 405 00000                              KC3_2_T16               equ     90h
 406 00000                              KC3_2_T17               equ     91h
 407 00000                              KC3_2_T18               equ     92h
 408 00000                              KC3_2_T19               equ     93h
 409 00000                              KC3_2_SHIFT_T0          equ     0a0h
 410 00000                              KC3_2_SHIFT_T1          equ     0a1h
 411 00000                              KC3_2_SHIFT_T2          equ     0a2h
 412 00000                              KC3_2_SHIFT_T3          equ     0a3h
 413 00000                              KC3_2_SHIFT_T4          equ     0a4h
 414 00000                              KC3_2_SHIFT_T5          equ     0a5h
 415 00000                              KC3_2_SHIFT_T6          equ     0a6h
 416 00000                              KC3_2_SHIFT_T7          equ     0a7h
 417 00000                              KC3_2_SHIFT_T8          equ     0a8h
 418 00000                              KC3_2_SHIFT_T9          equ     0a9h
 419 00000                              KC3_2_SHIFT_T10         equ     0aah
 420 00000                              KC3_2_SHIFT_T11         equ     0abh
 421 00000                              KC3_2_SHIFT_T12         equ     0ach
 422 00000                              KC3_2_SHIFT_T13         equ     0adh
 423 00000                              KC3_2_SHIFT_T14         equ     0aeh
 424 00000                              KC3_2_SHIFT_T15         equ     0afh
 425 00000                              KC3_2_SHIFT_T16         equ     0b0h
 426 00000                              KC3_2_SHIFT_T17         equ     0b1h
 427 00000                              KC3_2_SHIFT_T18         equ     0b2h
 428 00000                              KC3_2_SHIFT_T19         equ     0b3h
 429 00000                              
 430 00000                              ;------------------------------------------------------------
 431 00000                              ;       0f0h-0ffh is expansion key code.
 432 00000                              ;------------------------------------------------------------
 433 00000                              KC3_2_UNDEFINITION      equ     0ffh
 434 00000                              
 435 00000                              ;============================================================
 436 00000                              ;       sio code definition.
 437 00000                              ;============================================================
 438 00000                              SIO_CR_CODE             equ     0dh
 439 00000                              SIO_LF_CODE             equ     0ah
 440 00000                              SIO_EOF_CODE            equ     1ah
 441 00000                              
 442 00000                              ;============================================================
 443 00000                              ;       end of code.equ
 444 00000                              ;============================================================
 445 00000                              
   9 00000                              
  10 00000                              _ustack_top     equ     2d000h
  11 00000                              _ustack_bottom  equ     2dfffh
  12 00000                              _sstack_top     equ     2e000h
  13 00000                              _sstack_bottom  equ     2efffh
  14 00000                              
  15 00000                              
  16 00000                              	cseg    code                    ; code start from 40000h
  17 00000                              
  18 00000                              ;       Card Header
  19 00000                              
  20 00000                              card_top:
  21 00000 10 12                        	dw      1210h
  22 00002 20 00                        	dw      0020h                   ; card size ( /2KByte) ##
  23 00004 00                           	db      00                      ; version
  24 00005 01                           	db      00000001b               ; type (single card)
  25 00006 50 45 52 53 4f 4e 41 4c 20 20 20 
                                       	db      "PERSONAL   "           ; card name ##
  26 00011 21                           	db      21h                     ; card id
  27 00012 1e 00 00                     	dp      block_header - card_top ; first block top address
  28 00015 ff ff ff                     	dp      0ffffffh                ;
  29 00018                              
  30 00018                              ;       Application Header Table
  31 00018                              
  32 00018 49 00 00                     	dp      appli_header            ; application header top address
  33 0001b 00 00 00                     	dp      000000h                 ; end mark
  34 0001e                              
  35 0001e                              ;       Block Header
  36 0001e                              
  37 0001e                              block_header:
  38 0001e fb                           	db      0fbh
  39 0001f 53 65 63 72 65 74 20 20 20 20 20 
                                       	db      "Secret     "           ; application name
  40 0002a 21                           	db      21h                     ; application attribute
  41 0002b 00 00                        	dw      0000h
  42 0002d 00 00                        	dw      0000h
  43 0002f e2 ff 00                     	dp      00ffe2h                 ; card end + 1 relative address ##
  44 00032 00 00                        	dw      0000h
  45 00034 e2 ff 00                     	dp      00ffe2h                 ; card end + 1 relative address ##
  46 00037 e2 ff 00                     	dp      00ffe2h                 ; card end + 1 relative address ##
  47 0003a 00 00 00                     	dp      000000h
  48 0003d 00 00 00                     	dp      000000h
  49 00040 ff                           	db      0ffh
  50 00041 00                           	db      00h
  51 00042 0a                           	db      0ah
  52 00043 00                           	db      00h
  53 00044                              version_no:
  54 00044 00                           	db      00
  55 00045                              maker_code:
  56 00045 00                           	db      0
  57 00046 00                           	db      00h                     ; language code
  58 00047 00 00                        	dw      0000h
  59 00049                              
  60 00049                              ;       Application Header
  61 00049                              
  62 00049                              appli_header:
  63 00049 00 00                        	dw      0                       ; application number ##
  64 0004b 5a 00 00                     	dp      program_top             ; application entry address
  65 0004e 00 00 00                     	dp      000000h
  66 00051 00 00 00                     	dp      000000h
  67 00054                              
  68 00054                              select_key:
  69 00054 00 40                        	dw      KC3_2_CARD*256          ; CARD key @@
  70 00056 00 59                        	dw      KC3_2_SHIFT_CARD*256    ; SHIFT+CARD key @@
  71 00058 00 00                        	dw      0000h
  72 0005a                              
  73 0005a                              program_top:
  74 0005a                              
  75 0005a 2a                           	pushu   ba
  76 0005b fd 01                        	mv      a,il
  77 0005d 60 0b                        	cmp     a,11
  78 0005f 3a                           	popu    ba
  79 00060 1e 0e                        	jrnc    card_error
  80 00062 0d 74 00 00                  	mv      y,card_table
  81 00066 45 51                        	add     y,il
  82 00068 45 51                        	add     y,il
  83 0006a 45 51                        	add     y,il
  84 0006c 95 05                        	mv      y,[y]
  85 0006e 11 05                        	jp      y
  86 00070                              
  87 00070                              card_error:
  88 00070 08 fe                        	mv      a,0feh
  89 00072 97                           	sc
  90 00073 07                           	retf
  91 00074                              
  92 00074                              card_table:
  93 00074 95 00 00                     	dp      sys_request     ;i=0 system requests
  94 00077 b7 00 00                     	dp      exec_card       ;i=1 execute card software
  95 0007a be 00 00                     	dp      app_name        ;i=2 set application name
  96 0007d c0 00 00                     	dp      mem_free        ;i=3 calculate the amount of free memory
  97 00080 c2 00 00                     	dp      data_clear      ;i=4 clear data request
  98 00083 b0 00 00                     	dp      return          ;i=5 ?
  99 00086 c9 00 00                     	dp      data_send       ;i=6 send data
 100 00089 c9 00 00                     	dp      data_load       ;i=7 load data
 101 0008c d1 00 00                     	dp      checksum        ;i=8 calculate checksums
 102 0008f c9 00 00                     	dp      data_verify     ;i=9 verify data
 103 00092 d8 00 00                     	dp      directory_send  ;i=10 send data in pocketlink mode
 104 00095                              
 105 00095                              ;***********************************************************
 106 00095                              ;       process system requests, IN, OUT, RESET etc.
 107 00095                              
 108 00095                              sys_request:
 109 00095 60 00                        	cmp     a,0
 110 00097 18 18                        	jrz     reset_all       ;a=0 reset all data area
 111 00099 7c 00                        	dec     a
 112 0009b 18 14                        	jrz     reset           ;a=1 reset card status
 113 0009d 7c 00                        	dec     a
 114 0009f 18 0f                        	jrz     power_off       ;a=2 get ready for power off
 115 000a1 7c 00                        	dec     a
 116 000a3 18 0b                        	jrz     power_on        ;a=3 get ready for power on
 117 000a5 7c 00                        	dec     a
 118 000a7 18 0c                        	jrz     in_card         ;a=4 IN process for card
 119 000a9 7c 00                        	dec     a
 120 000ab 14 b6 00                     	jpz     out_card        ;a=5 OUT process for card
 121 000ae 13 40                        	jr      card_error
 122 000b0                              
 123 000b0                              power_on:
 124 000b0                              power_off:
 125 000b0                              return:
 126 000b0 07                           	retf
 127 000b1                              	
 128 000b1                              reset:
 129 000b1                              reset_all:
 130 000b1 04 da 00                     	call    display
 131 000b4 07                           	retf
 132 000b5                              
 133 000b5                              ;*********************************************************
 134 000b5                              ;       set stacks to card ram, get ready to execute card
 135 000b5                              
 136 000b5                              in_card:
 137 000b5 07                           	retf
 138 000b6                              
 139 000b6                              ;****************************************************************
 140 000b6                              ;       reset stacks to system ram, get ready to return to system
 141 000b6                              
 142 000b6                              out_card:
 143 000b6 07                           	retf
 144 000b7                              
 145 000b7                              ;********************************************************
 146 000b7                              ;       execute card program
 147 000b7                              
 148 000b7                              exec_card:
 149 000b7 04 da 00                     	call    display
 150 000ba 30 a2 d4                     	mv      (bx),ba
 151 000bd 07                           	retf
 152 000be                              
 153 000be                              app_name:
 154 000be 9f                           	rc
 155 000bf 07                           	retf
 156 000c0                              
 157 000c0                              mem_free:
 158 000c0 9f                           	rc
 159 000c1 07                           	retf
 160 000c2                              
 161 000c2                              data_clear:
 162 000c2 30 cd d4 00 1e               	mvw     (bx),1e00h
 163 000c7 9f                           	rc
 164 000c8 07                           	retf
 165 000c9                              
 166 000c9                              data_send:
 167 000c9                              data_load:
 168 000c9                              data_verify:
 169 000c9 30 cd d4 00 1f               	mvw     (bx),1f00h
 170 000ce 08 00                        	mv      a, 0
 171 000d0 07                           	retf
 172 000d1                              
 173 000d1                              checksum:
 174 000d1 0c 00 b1 00                  	mv      x,0b100h
 175 000d5 fd 54                        	mv      y,x
 176 000d7 07                           	retf
 177 000d8                              
 178 000d8                              directory_send:
 179 000d8 9f                           	rc
 180 000d9 07                           	retf
 181 000da                              
 182 000da                              	extern  _password_buf
 183 000da                              	
 184 000da                              display:
 185 000da 30 cd d6 00 00               	mvw     (cx), 0000
 186 000df 0b 51 00                     	mv      i, 51h
 187 000e2 05 e8 ff 0f                  	callf   iocs_entry_f            ; clear screen
 188 000e6                              
 189 000e6 30 cd d4 00 00               	mvw     (bx), 0000h
 190 000eb 0c 44 01 00                  	mv      x, msg1
 191 000ef 0d 10 00 00                  	mv      y, 16
 192 000f3 30 cd d6 00 00               	mvw     (cx), 0
 193 000f8 0b 42 00                     	mv      i, 42h
 194 000fb 05 e8 ff 0f                  	callf   iocs_entry_f            ; display message
 195 000ff                              
 196 000ff 30 cd d4 03 04               	mvw     (bx), 0403h
 197 00104 0c 54 01 00                  	mv      x, msg2
 198 00108 0d 09 00 00                  	mv      y, 9
 199 0010c 30 cd d6 00 00               	mvw     (cx), 0
 200 00111 0b 42 00                     	mv      i, 42h
 201 00114 05 e8 ff 0f                  	callf   iocs_entry_f            ; display message
 202 00118                              
 203 00118                              
 204 00118 30 cd d4 04 04               	mvw     (bx), 0404h
 205 0011d 0c 00 00 00                  	mv      x, _password_buf
 206 00121 0d 07 00 00                  	mv      y, 7
 207 00125 30 cd d6 00 00               	mvw     (cx), 0
 208 0012a 0b 42 00                     	mv      i, 42h
 209 0012d 05 e8 ff 0f                  	callf   iocs_entry_f            ; display message
 210 00131                              
 211 00131 2f                           	pushu   imr
 212 00132 30 cc fb c3                  	mv      (IMR),masteri+mti+sti+exi
 213 00136                              	
 214 00136 30 cd d6 01 00               	mvw     (cx), 0001h
 215 0013b 0b 49 00                     	mv      i, 49h
 216 0013e 05 e8 ff 0f                  	callf   iocs_entry_f            ; key_get_type_3
 217 00142                              
 218 00142 3f                           	popu    imr
 219 00143                              
 220 00143 06                           	ret
 221 00144                              
 222 00144                              msg1:
 223 00144 50 61 73 73 77 6f 72 64 20 44 69 73 70 6c 61 79 
                                       	db      "Password Display"
 224 00154                              msg2:
 225 00154 5b 2a 2a 2a 2a 2a 2a 2a 5d   	db      "[*******]"
  Symbol Name            value
CC_0                 -- 000030 local  data
CC_1                 -- 000031 local  data
CC_2                 -- 000032 local  data
CC_3                 -- 000033 local  data
CC_3_POINT           -- 00001d local  data
CC_4                 -- 000034 local  data
CC_46_0              -- 000010 local  data
CC_46_1              -- 000011 local  data
CC_46_2              -- 000012 local  data
CC_46_3              -- 000013 local  data
CC_46_4              -- 000014 local  data
CC_46_5              -- 000015 local  data
CC_46_6              -- 000016 local  data
CC_46_7              -- 000017 local  data
CC_46_8              -- 000018 local  data
CC_46_9              -- 000019 local  data
CC_46_BRACKET_LEFT   -- 00001a local  data
CC_46_BRACKET_RIGHT  -- 00001b local  data
CC_46_SLASH          -- 00001c local  data
CC_5                 -- 000035 local  data
CC_6                 -- 000036 local  data
CC_7                 -- 000037 local  data
CC_8                 -- 000038 local  data
CC_9                 -- 000039 local  data
CC_A                 -- 000041 local  data
CC_ACUTE             -- 0000cc local  data
CC_ACUTE_A           -- 0000b3 local  data
CC_ACUTE_E           -- 000090 local  data
CC_ACUTE_I           -- 0000b4 local  data
CC_ACUTE_O           -- 0000b6 local  data
CC_ACUTE_SMALL_A     -- 0000a0 local  data
CC_ACUTE_SMALL_E     -- 000082 local  data
CC_ACUTE_SMALL_I     -- 0000a1 local  data
CC_ACUTE_SMALL_O     -- 0000a2 local  data
CC_ACUTE_SMALL_U     -- 0000a3 local  data
CC_ACUTE_U           -- 0000b5 local  data
CC_AE                -- 000092 local  data
CC_AIRPLANE          -- 0000c6 local  data
CC_AM                -- 0000c0 local  data
CC_AND               -- 000026 local  data
CC_APOSTROPHE        -- 000027 local  data
CC_ARROW_LEFT        -- 0000de local  data
CC_ARROW_RIGHT       -- 0000dd local  data
CC_ASTERISK          -- 00002a local  data
CC_AT                -- 000040 local  data
CC_B                 -- 000042 local  data
CC_BACK_SLASH        -- 00005c local  data
CC_BELL              -- 0000c2 local  data
CC_BELONG_TO         -- 0000ee local  data
CC_BLACK_BOX         -- 0000fe local  data
CC_BLACK_DEGREE      -- 0000f9 local  data
CC_BRACE_LEFT        -- 00007b local  data
CC_BRACE_RIGHT       -- 00007d local  data
CC_BRACKET_LEFT      -- 00005b local  data
CC_BRACKET_RIGHT     -- 00005d local  data
CC_C                 -- 000043 local  data
CC_CALC_DATA         -- 000007 local  data
CC_CAP_MARK          -- 0000ef local  data
CC_CAR               -- 0000bc local  data
CC_CEDILLA_C         -- 000080 local  data
CC_CEDILLA_SMALL_C   -- 000087 local  data
CC_CENT              -- 00009b local  data
CC_CHECK             -- 0000c5 local  data
CC_CIRCUMFLEX        -- 0000ca local  data
CC_CIRCUMFLEX_A      -- 0000b7 local  data
CC_CIRCUMFLEX_E      -- 0000b8 local  data
CC_CIRCUMFLEX_O      -- 0000b9 local  data
CC_CIRCUMFLEX_SMALL_A -- 000083 local  data
CC_CIRCUMFLEX_SMALL_E -- 000088 local  data
CC_CIRCUMFLEX_SMALL_I -- 00008c local  data
CC_CIRCUMFLEX_SMALL_O -- 000093 local  data
CC_CIRCUMFLEX_SMALL_U -- 000096 local  data
CC_COLON             -- 00003a local  data
CC_COMMA             -- 00002c local  data
CC_CONGRUENCE        -- 0000f0 local  data
CC_CROSSHATCH        -- 000023 local  data
CC_D                 -- 000044 local  data
CC_DAILY_11          -- 000001 local  data
CC_DAILY_13          -- 000002 local  data
CC_DAILY_15          -- 000003 local  data
CC_DAILY_17          -- 000004 local  data
CC_DAILY_19          -- 000005 local  data
CC_DAILY_21          -- 000006 local  data
CC_DAILY_23          -- 000008 local  data
CC_DAILY_DURING      -- 00000e local  data
CC_DAILY_END         -- 00000a local  data
CC_DAILY_HIGH_NOON   -- 00000f local  data
CC_DAILY_LEFT        -- 00000c local  data
CC_DAILY_RIGHT       -- 00000d local  data
CC_DAILY_START       -- 00000b local  data
CC_DEGREE            -- 0000ce local  data
CC_DEGREE_A          -- 00008f local  data
CC_DEGREE_MARK       -- 0000f8 local  data
CC_DEGREE_SMALL_A    -- 000086 local  data
CC_DIAMOND           -- 0000df local  data
CC_DIVISION          -- 0000f6 local  data
CC_DOLLAR            -- 000024 local  data
CC_E                 -- 000045 local  data
CC_ENTER_MARK        -- 000009 local  data
CC_EQUAL             -- 00003d local  data
CC_EXCLAMATION       -- 000021 local  data
CC_F                 -- 000046 local  data
CC_FORTE             -- 00009f local  data
CC_G                 -- 000047 local  data
CC_GAMMA             -- 0000e2 local  data
CC_GRAVE             -- 0000cb local  data
CC_GRAVE_A           -- 0000b0 local  data
CC_GRAVE_E           -- 0000b1 local  data
CC_GRAVE_O           -- 0000b2 local  data
CC_GRAVE_SMALL_A     -- 000085 local  data
CC_GRAVE_SMALL_E     -- 00008a local  data
CC_GRAVE_SMALL_I     -- 00008d local  data
CC_GRAVE_SMALL_O     -- 000095 local  data
CC_GRAVE_SMALL_U     -- 000097 local  data
CC_GREATER_THAN      -- 00003e local  data
CC_GREATER_THAN_EQUAL -- 0000f2 local  data
CC_H                 -- 000048 local  data
CC_HALF              -- 0000ab local  data
CC_HAT               -- 00005e local  data
CC_I                 -- 000049 local  data
CC_INFINITE          -- 0000ec local  data
CC_INTEGRAL_LOWER    -- 0000f5 local  data
CC_INTEGRAL_UPPER    -- 0000f4 local  data
CC_J                 -- 00004a local  data
CC_K                 -- 00004b local  data
CC_L                 -- 00004c local  data
CC_LESS_THAN         -- 00003c local  data
CC_LESS_THAN_EQUAL   -- 0000f3 local  data
CC_LOCALTIME_LEFT    -- 000004 local  data
CC_LOCALTIME_RIGHT   -- 000005 local  data
CC_M                 -- 00004d local  data
CC_MAN               -- 0000c7 local  data
CC_MIDDLE_POINT      -- 0000fa local  data
CC_MINUS             -- 00002d local  data
CC_MORE_GREATER      -- 0000af local  data
CC_MORE_LESS         -- 0000ae local  data
CC_MULTI             -- 0000da local  data
CC_N                 -- 00004e local  data
CC_N_POWER           -- 0000fc local  data
CC_O                 -- 00004f local  data
CC_OMEGA             -- 0000ea local  data
CC_OR                -- 00007c local  data
CC_P                 -- 000050 local  data
CC_PARENTHESIS_LEFT  -- 000028 local  data
CC_PARENTHESIS_RIGHT -- 000029 local  data
CC_PERCENT           -- 000025 local  data
CC_PERIOD            -- 00002e local  data
CC_PESETA            -- 00009e local  data
CC_PHI               -- 0000e8 local  data
CC_PLUS              -- 00002b local  data
CC_PLUS_MINUS        -- 0000f1 local  data
CC_PM                -- 0000c1 local  data
CC_POUND             -- 00009c local  data
CC_Q                 -- 000051 local  data
CC_QUARTER           -- 0000ac local  data
CC_QUESTION          -- 00003f local  data
CC_R                 -- 000052 local  data
CC_REV_0             -- 0000d0 local  data
CC_REV_1             -- 0000d1 local  data
CC_REV_2             -- 0000d2 local  data
CC_REV_3             -- 0000d3 local  data
CC_REV_4             -- 0000d4 local  data
CC_REV_5             -- 0000d5 local  data
CC_REV_6             -- 0000d6 local  data
CC_REV_7             -- 0000d7 local  data
CC_REV_8             -- 0000d8 local  data
CC_REV_9             -- 0000d9 local  data
CC_REV_C             -- 00001f local  data
CC_REV_EXCLAMATION   -- 0000ad local  data
CC_REV_QUESTION      -- 0000a8 local  data
CC_ROOT              -- 0000fb local  data
CC_S                 -- 000053 local  data
CC_SECTION_MARK      -- 0000db local  data
CC_SEMICOLON         -- 00003b local  data
CC_SIGMA             -- 0000e4 local  data
CC_SLASH             -- 00002f local  data
CC_SMALL_A           -- 000061 local  data
CC_SMALL_AE          -- 000091 local  data
CC_SMALL_ALPHA       -- 0000e0 local  data
CC_SMALL_B           -- 000062 local  data
CC_SMALL_BETA        -- 0000e1 local  data
CC_SMALL_C           -- 000063 local  data
CC_SMALL_D           -- 000064 local  data
CC_SMALL_DELTA       -- 0000eb local  data
CC_SMALL_E           -- 000065 local  data
CC_SMALL_F           -- 000066 local  data
CC_SMALL_G           -- 000067 local  data
CC_SMALL_H           -- 000068 local  data
CC_SMALL_I           -- 000069 local  data
CC_SMALL_J           -- 00006a local  data
CC_SMALL_K           -- 00006b local  data
CC_SMALL_L           -- 00006c local  data
CC_SMALL_M           -- 00006d local  data
CC_SMALL_MU          -- 0000e6 local  data
CC_SMALL_N           -- 00006e local  data
CC_SMALL_O           -- 00006f local  data
CC_SMALL_P           -- 000070 local  data
CC_SMALL_PI          -- 0000e3 local  data
CC_SMALL_Q           -- 000071 local  data
CC_SMALL_R           -- 000072 local  data
CC_SMALL_S           -- 000073 local  data
CC_SMALL_SIGMA       -- 0000e5 local  data
CC_SMALL_T           -- 000074 local  data
CC_SMALL_TAU         -- 0000e7 local  data
CC_SMALL_THETA       -- 0000e9 local  data
CC_SMALL_U           -- 000075 local  data
CC_SMALL_V           -- 000076 local  data
CC_SMALL_W           -- 000077 local  data
CC_SMALL_X           -- 000078 local  data
CC_SMALL_Y           -- 000079 local  data
CC_SMALL_Z           -- 00007a local  data
CC_SPACE             -- 000020 local  data
CC_SQUARE            -- 0000fd local  data
CC_SUMMERTIME_LEFT   -- 00000a local  data
CC_SUMMERTIME_RIGHT  -- 00000b local  data
CC_SUMMER_MARK       -- 00001e local  data
CC_S_QUOTATION       -- 000060 local  data
CC_T                 -- 000054 local  data
CC_TEL               -- 0000c3 local  data
CC_TELEPHONE         -- 0000bd local  data
CC_TERMINATER        -- 000000 local  data
CC_TILDE             -- 0000cd local  data
CC_TILDE_A           -- 0000aa local  data
CC_TILDE_N           -- 0000a5 local  data
CC_TILDE_O           -- 0000bb local  data
CC_TILDE_SMALL_A     -- 0000a9 local  data
CC_TILDE_SMALL_N     -- 0000a4 local  data
CC_TILDE_SMALL_O     -- 0000ba local  data
CC_TRIANGLE          -- 00007f local  data
CC_TRIANGLE_DOWN     -- 00000d local  data
CC_TRIANGLE_UP       -- 00000c local  data
CC_U                 -- 000055 local  data
CC_UMLAUT            -- 0000c9 local  data
CC_UMLAUT_A          -- 00008e local  data
CC_UMLAUT_E          -- 0000bf local  data
CC_UMLAUT_O          -- 000099 local  data
CC_UMLAUT_SMALL_A    -- 000084 local  data
CC_UMLAUT_SMALL_E    -- 000089 local  data
CC_UMLAUT_SMALL_I    -- 00008b local  data
CC_UMLAUT_SMALL_O    -- 000094 local  data
CC_UMLAUT_SMALL_U    -- 000081 local  data
CC_UMLAUT_SMALL_Y    -- 000098 local  data
CC_UMLAUT_U          -- 00009a local  data
CC_UNDERBAR          -- 00005f local  data
CC_UNDERLINE         -- 0000cf local  data
CC_UNDERLINE_SMALL_A -- 0000a6 local  data
CC_UNDERLINE_SMALL_O -- 0000a7 local  data
CC_V                 -- 000056 local  data
CC_W                 -- 000057 local  data
CC_WAVE              -- 00007e local  data
CC_WINE              -- 0000c4 local  data
CC_WORLDTIME_LEFT    -- 000002 local  data
CC_WORLDTIME_RIGHT   -- 000003 local  data
CC_W_EXCLAMATION     -- 0000dc local  data
CC_W_QUOTATION       -- 000022 local  data
CC_W_WAVE            -- 0000f7 local  data
CC_X                 -- 000058 local  data
CC_Y                 -- 000059 local  data
CC_YEN               -- 00009d local  data
CC_Z                 -- 00005a local  data
CC_ZERO              -- 0000ed local  data
IC_CALC_DATA         -- 000007 local  data
IC_ENTER_MARK        -- 000009 local  data
IC_TERMINATER        -- 000000 local  data
IMR                  -- 0000fb local  data
KC3_2_48_LINES       -- 000027 local  data
KC3_2_ALARM          -- 000022 local  data
KC3_2_ALARM_OCCURRED -- 000029 local  data
KC3_2_ALARM_SWITCH   -- 000047 local  data
KC3_2_ANN            -- 000028 local  data
KC3_2_APPLI_END      -- 00001f local  data
KC3_2_APPLI_END_CCE  -- 00001e local  data
KC3_2_AUTOPOWER_OFF  -- 000021 local  data
KC3_2_CALC           -- 00003f local  data
KC3_2_CALC_DATA      -- 00002c local  data
KC3_2_CALENDAR       -- 00003b local  data
KC3_2_CARD           -- 000040 local  data
KC3_2_EDIT           -- 00004d local  data
KC3_2_FUNCTION       -- 000023 local  data
KC3_2_KEY_CLICK      -- 000046 local  data
KC3_2_LOCALTIME      -- 000042 local  data
KC3_2_MARK           -- 000048 local  data
KC3_2_MEMO           -- 00003e local  data
KC3_2_M_MINUS        -- 00002e local  data
KC3_2_M_PLUS         -- 00002f local  data
KC3_2_OFF            -- 000020 local  data
KC3_2_OPTION         -- 000024 local  data
KC3_2_PROC_CHECK     -- 000014 local  data
KC3_2_PROC_DISP      -- 000012 local  data
KC3_2_PROC_DISP_CURSOR -- 000015 local  data
KC3_2_PROC_DISP_TOP  -- 000013 local  data
KC3_2_PROC_IN        -- 000010 local  data
KC3_2_PROC_OUT       -- 000011 local  data
KC3_2_RCM            -- 00002d local  data
KC3_2_SCHEDULE       -- 00003c local  data
KC3_2_SEARCH_DOWN    -- 000067 local  data
KC3_2_SEARCH_UP      -- 000066 local  data
KC3_2_SECRET         -- 000049 local  data
KC3_2_SHIFT_CALC     -- 000058 local  data
KC3_2_SHIFT_CALENDAR -- 000054 local  data
KC3_2_SHIFT_CARD     -- 000059 local  data
KC3_2_SHIFT_ENTER    -- 00004f local  data
KC3_2_SHIFT_LOCALTIME -- 00005b local  data
KC3_2_SHIFT_MEMO     -- 000057 local  data
KC3_2_SHIFT_SCHEDULE -- 000055 local  data
KC3_2_SHIFT_SEARCH_DOWN -- 000071 local  data
KC3_2_SHIFT_SEARCH_UP -- 000070 local  data
KC3_2_SHIFT_T0       -- 0000a0 local  data
KC3_2_SHIFT_T1       -- 0000a1 local  data
KC3_2_SHIFT_T10      -- 0000aa local  data
KC3_2_SHIFT_T11      -- 0000ab local  data
KC3_2_SHIFT_T12      -- 0000ac local  data
KC3_2_SHIFT_T13      -- 0000ad local  data
KC3_2_SHIFT_T14      -- 0000ae local  data
KC3_2_SHIFT_T15      -- 0000af local  data
KC3_2_SHIFT_T16      -- 0000b0 local  data
KC3_2_SHIFT_T17      -- 0000b1 local  data
KC3_2_SHIFT_T18      -- 0000b2 local  data
KC3_2_SHIFT_T19      -- 0000b3 local  data
KC3_2_SHIFT_T2       -- 0000a2 local  data
KC3_2_SHIFT_T3       -- 0000a3 local  data
KC3_2_SHIFT_T4       -- 0000a4 local  data
KC3_2_SHIFT_T5       -- 0000a5 local  data
KC3_2_SHIFT_T6       -- 0000a6 local  data
KC3_2_SHIFT_T7       -- 0000a7 local  data
KC3_2_SHIFT_T8       -- 0000a8 local  data
KC3_2_SHIFT_T9       -- 0000a9 local  data
KC3_2_SHIFT_TEL      -- 000056 local  data
KC3_2_SHIFT_WORLDTIME -- 00005a local  data
KC3_2_SYMBOL         -- 000026 local  data
KC3_2_T0             -- 000080 local  data
KC3_2_T1             -- 000081 local  data
KC3_2_T10            -- 00008a local  data
KC3_2_T11            -- 00008b local  data
KC3_2_T12            -- 00008c local  data
KC3_2_T13            -- 00008d local  data
KC3_2_T14            -- 00008e local  data
KC3_2_T15            -- 00008f local  data
KC3_2_T16            -- 000090 local  data
KC3_2_T17            -- 000091 local  data
KC3_2_T18            -- 000092 local  data
KC3_2_T19            -- 000093 local  data
KC3_2_T2             -- 000082 local  data
KC3_2_T3             -- 000083 local  data
KC3_2_T4             -- 000084 local  data
KC3_2_T5             -- 000085 local  data
KC3_2_T6             -- 000086 local  data
KC3_2_T7             -- 000087 local  data
KC3_2_T8             -- 000088 local  data
KC3_2_T9             -- 000089 local  data
KC3_2_TEL            -- 00003d local  data
KC3_2_UNDEFINITION   -- 0000ff local  data
KC3_2_USER_DIC       -- 000025 local  data
KC3_2_WORLDTIME      -- 000041 local  data
KC3_BS               -- 000008 local  data
KC3_CCE              -- 00000c local  data
KC3_CURSOR_DOWN      -- 00001f local  data
KC3_CURSOR_LEFT      -- 00001d local  data
KC3_CURSOR_RIGHT     -- 00001c local  data
KC3_CURSOR_UP        -- 00001e local  data
KC3_DEL              -- 00007f local  data
KC3_ENTER            -- 00000d local  data
KC3_ENTER_MARK       -- 000009 local  data
KC3_EXP              -- 000000 local  data
KC3_INS              -- 000012 local  data
KC3_ON               -- 000003 local  data
SIO_CR_CODE          -- 00000d local  data
SIO_EOF_CODE         -- 00001a local  data
SIO_LF_CODE          -- 00000a local  data
UI                   -- 0000e0 local  data
_password_buf        --   ??   extern ??
_sstack_bottom       -- 02efff local  data
_sstack_top          -- 02e000 local  data
_ustack_bottom       -- 02dfff local  data
_ustack_top          -- 02d000 local  data
amc                  -- 0000ef local  data
ame                  -- 000080 local  data
app_name             -- 0000be local  cseg
appli_header         -- 000049 local  cseg
application_entry_f  -- 0fffdc local  data
bh                   -- 0000d5 local  data
bl                   -- 0000d4 local  data
block_header         -- 00001e local  cseg
boe                  -- 000080 local  data
bx                   -- 0000d4 local  data
bz0                  -- 000010 local  data
bz1                  -- 000020 local  data
bz2                  -- 000040 local  data
card_error           -- 000070 local  cseg
card_table           -- 000074 local  cseg
card_top             -- 000000 local  cseg
ch                   -- 0000d7 local  data
checksum             -- 0000d1 local  cseg
ci_bit               -- 000002 local  data
cl                   -- 0000d6 local  data
cx                   -- 0000d6 local  data
data_clear           -- 0000c2 local  cseg
data_load            -- 0000c9 local  cseg
data_send            -- 0000c9 local  cseg
data_verify          -- 0000c9 local  cseg
dh                   -- 0000d9 local  data
di                   -- 0000dd local  data
directory_send       -- 0000d8 local  cseg
disc                 -- 000001 local  data
display              -- 0000da local  cseg
dl                   -- 0000d8 local  data
dl_bit               -- 000002 local  data
dx                   -- 0000d8 local  data
eih                  -- 0000f6 local  data
eil                  -- 0000f5 local  data
eoh                  -- 0000f4 local  data
eol                  -- 0000f3 local  data
exec_card            -- 0000b7 local  cseg
exi                  -- 000040 local  data
exm_bit              -- 000040 local  data
fe_bit               -- 000004 local  data
iisr                 -- 0000eb local  data
in_card              -- 0000b5 local  cseg
iocs_entry_f         -- 0fffe8 local  data
ise                  -- 000080 local  data
isr                  -- 0000fc local  data
keyi                 -- 000004 local  data
ki                   -- 0000f2 local  data
koh                  -- 0000f1 local  data
kol                  -- 0000f0 local  data
ksd                  -- 000004 local  data
lcc                  -- 0000fe local  data
maker_code           -- 000045 local  cseg
masteri              -- 000080 local  data
mem_free             -- 0000c0 local  cseg
msg1                 -- 000144 local  cseg
msg2                 -- 000154 local  cseg
mtcl                 -- 000001 local  data
mti                  -- 000001 local  data
mtm_bit              -- 000001 local  data
mts                  -- 000002 local  data
nat_ver              -- 000004 local  data
oe_bit               -- 000002 local  data
on_enable            -- 000008 local  data
onk_bit              -- 000008 local  data
onki                 -- 000008 local  data
out_card             -- 0000b6 local  cseg
pe_bit               -- 000001 local  data
power_off            -- 0000b0 local  cseg
power_on             -- 0000b0 local  cseg
program_top          -- 00005a local  cseg
reset                -- 0000b1 local  cseg
reset_all            -- 0000b1 local  cseg
return               -- 0000b0 local  cseg
rsf                  -- 000004 local  data
rxd                  -- 0000f9 local  data
rxr_bit              -- 000020 local  data
rxri                 -- 000020 local  data
scr                  -- 0000fd local  data
select_key           -- 000054 local  cseg
si                   -- 0000da local  data
softi                -- 000080 local  data
ssr                  -- 0000ff local  data
st_bit               -- 000001 local  data
stcl                 -- 000002 local  data
sti                  -- 000002 local  data
sts                  -- 000004 local  data
sys_flag             -- 0000ea local  data
sys_request          -- 000095 local  cseg
syswork2             -- 0000e6 local  data
test_bit             -- 000001 local  data
txd                  -- 0000fa local  data
txe_bit              -- 000010 local  data
txr_bit              -- 000008 local  data
txri                 -- 000010 local  data
ucr                  -- 0000f7 local  data
usr                  -- 0000f8 local  data
vddc                 -- 000008 local  data
version_no           -- 000044 local  cseg
work_ptr             -- 0000e9 local  data
  475 symbols are defined
